17 40
5 10
^;^;^;^;^;^;^;^; ; ; ; ;^;^;^;^;^;^;^;^;^;^;^;^;^;^;^;^;^;^;^;^;^;^;^;^;^;^
^;^;^;^;^;^; ; ; ; ; ; ; ; ; ; ;^;^;^;^;^;^;^;^;^;^;^;^;^; ;e; ;^;^;^;^;^;^
^;^;^;^; ; ; ;#;#;#;#;#; ;#;#;#;:;#;#;#;#;#;#;:;^; ;^;^; ; ; ; ; ;^;^;^;^;^
^;^; ; ; ; ; ;#;_;_;_;#; ;#;_;_;_;_;_;:;_;_;_;#; ;^; ; ; ; ;^; ; ;^;^;^;^;^
^;^; ; ; ;_ ;_ ;_#;_;_;_;#; ;#;_;_;_$.;_;_;#;_;_;_;#;^;^; ; ; ;^; ; ;^;^;^;^;^;^
^; ; ; ; ;_ ; ;#;#;e,;#;#; ;#;_;_;_;_;_;#;#;,;#;#;e;^; ;^; ; ;^;^; ;^;^;^;^;^
 ; ; ; ; ;_ ; ; ; ; ; ; ; ;#;#;#;+;#;#;#; ; ; ; ; ; ;^; ;^;^;^; ;^; ;^;^;^;^
 ; ; ; ; ;_ ; ; ; ; ; ; ; ; ; ; ; ; ; ; ; ; ; ; ; ; ; ; ; ; ; ; ; ;^; ; ;^;^
^; ; ; ; ;_ ;_ ;_ ;_ ;_ ;_ ;_ ;_ ;_ ;_ ;_ ;_ ;_ ;_ ;_ ;_ ;_ ;_ ;_ ;_ ;_ ;_ ;_ ;_ ;_ ;_ ;_ ; ; ; ; ; ;e
^; ; ; ; ; ; ; ; ; ; ; ; ; ; ; ; ; ; ; ; ; ; ; ; ; ; ; ; ; ; ; ;_ ; ; ;^; ;e
^; ; ; ; ; ; ; ; ; ;#;#;+;#;#; ; ; ;#;+;#;#;+;#;#;:;^;^;^;:;^; ; ;_ ; ;^;^;^
^;^; ; ; ; ; ; ; ; ;#;_;_;_;#; ; ; ;#;_;_;#;_;_;#; ;^;^; ; ;^;^; ; ;>; ;^;^
^;^;^; ; ;e;e; ; ; ;#;_;_$.;_;#; ; ;e;#;_;_;#;_;_$.;#; ; ;^; ; ; ; ;^; ; ; ;^;^
^;^;^;^; ; ; ; ; ; ;#;#;#;#;#; ; ; ;#;#;#;#;#;#;#; ;^;:;^; ; ; ;^;^; ; ;^;^
^;^;^;^;^;^; ; ; ;^;^;^;^;^;^;^;^; ; ; ; ; ; ; ; ;^;^;^;^;^; ; ; ;^;^;^;^;^
25 35 i.int
g 5 2 1 1 7 t
25 35 i.int
t 20 4 10 1 7 ;
t 20 4 10 1 7 ;
t 20 4 10 1 7 ;
t 20 4 10 1 7 ;
g 5 2 1 1 7 t
g 5 2 1 1 7 t
80 120 i.int
g 5 2 1 1 7 t