17 40
5 10
^;^;^;^;^;^;^;^; ; ; ; ;^;^;^;^;^;^;^;^;^;^;^;^;^;^;^;^;^;^;^;^;^;^;^;^;^;^
^;^;^;^;^;^; ; ; ; ; ; ; ; ; ; ;^;^;^;^;^;^;^;^;^;^;^;^;^; ; ; ;^;^;^;^;^;^
^;^;^;^; ; ; ;#;#;#;#;#;e ;#;#;#;:.;#;#;#;#;#;#;:.;^; ;^;^; ; ; ; ; ;^;^;^;^;^
^;^; ; ; ; ; ;#;_i.;_;_w.;#; ;#;_;_;_;_;_;+;_;_;_;#; ;^; ; ; ; ;^; ; ;^;^;^;^;^
^;^; ; ; ; ; ;#;_;_;_w.;#; ;#;_;_;_w.;_;_;#;_;_;_;#;^;^; ; ; ; ;^; ;^;^;^;^;^;^
^; ; ; ; ; ; ;#;#;e,;_#;#; ;#;_;_;_;_;_;#;#;,;#;#;e ;^; ;^; ; ;^;^; ;^;^;^;^;^
 ; ; ; ; ; ; ; ; ; ;_ ; ; ;#;#;#;+;#;#;#; ; ; ; ; ; ;^; ;^;^;^; ;^; ;^; ;^;^
^; ; ; ; ; ; ; ; ; ; ;_ ; ; ; ; ; ; ; ; ; ; ; ; ; ; ; ; ; ; ; ; ; ;^; ; ;^;^
^; ; ; ; ; ; ; ; ; ; ; ;_ ;_ ;_ ;_ ;_ ;_ ;_ ;_ ;_ ;_ ;_ ;_ ;_ ;_ ;_ ;_ ;_ ;_ ;_ ;_ ; ; ;^; ; ; 
^;^; ; ; ; ; ; ; ; ; ; ; ; ; ; ; ; ; ; ; ; ; ; ; ; ; ; ; ; ; ; ;_ ; ; ;^; ; 
^;^;#;#;+;#; ; ; ; ;#;#; ;: ; ; ; ; ;#;#;#;+;#;#;#; ;^;^;^; ;^; ; ;_ ; ;^;^;^
^;^;#;_w.;_;#; ; ; ;^;#; ;e ; ;: ; ; ; ;#;_;_;_;_;_;#; ;^;^;e ; ;^;^; ; ;> ; ;^;^
^;^;#;#;#;#; ; ;^;^;#; ; ; ;: ; ; ; ;#;_;_;_@;_;_;#; ; ;^; ; ; ; ;^; ; ; ;^;^
^;^;^;^;^;^;^;^;^;^;#;#;#; ;#;^; ; ;#;#;#;#;#;#;#; ;^; ;^; ; ; ;^;^; ; ;^;^
^;^;^;^;^;^;^;^;^;^;^;^;^;^;^;^;^; ; ; ; ; ; ; ; ;^;^;^;^;^; ; ; ;^;^;^;^;^
r 4 1 1 4 7 f
r 4 1 1 4 7 f
-|ARROW||t|t|12;"ARROWS
r 4 1 1 4 7 f
r 4 1 1 4 7 f
*|BREAD||t|t|1;"BREADS
~|TORCH||t|t|3;"TORCHES
*|BREAD||t|t|1;"BREADS
$ 20 20
r 4 1 1 4 7 f