17 40
5 10
^;^;^;^;^;^;^;^; ; ; ; ;^;^;^;^;^;^;^;^;^;^;^;^;^;^;^;^;^;^;^;^;^;^;^;^;^;^
^;^;^;^;^;^; ; ; ; ; ; ; ; ; ; ;^;^;^;^;^;^;^;^;^;^;^;^;^; ; ; ;^;^;^;^;^;^
^;^;^;^; ; ; ;#;#;#;#;#; ;#;#;#;:.;#;#;#;#;#;#;:.;^; ;^;^; ; ;e ; ; ;^;^;^;^;^
^;^; ; ; ; ; ;#;_i.;_;_w.;#; ;#;_;_;_;_;_;+;_;_;_;#; ;^; ; ; ; ;^; ; ;^;^;^;^;^
^;^; ; ; ; ; ;#;_;_;_w.;#; ;#;_;_;_w.;_;_;#;_;_;_;#;^;^; ; ; ; ;^; ;^;^;^;^;^;^
^; ; ; ; ; ; ;#;#;e,;_#;#; ;#;_;_;_;_;_;#;#;,;#;#;e ;^; ;^; ; ;^;^; ;^;^;^;^;^
 ; ; ; ; ; ; ; ; ; ;_ ; ; ;#;#;#;+;#;#;#; ; ; ; ; ; ;^; ;^;^;^; ;^; ;^; ;^;^
^; ; ; ; ; ; ; ; ; ; ;_ ; ; ; ; ; ; ; ; ; ; ; ; ; ; ; ; ; ; ; ; ; ;^; ; ;^;^
^; ; ; ; ; ; ; ; ; ; ; ;_ ;_ ;_ ;_ ;_ ;_ ;_ ;_ ;_ ;_ ;_ ;_ ;_ ;_ ;_ ;_ ;_ ;_ ;_ ;_ ; ; ;^; ; ; 
^;^; ; ; ; ; ; ; ; ; ; ; ; ; ; ; ; ; ; ; ; ; ; ; ; ; ; ; ; ; ; ;_ ; ; ;^; ; 
^;^;#;#;+;#; ; ; ; ;#;#; ;: ; ; ; ; ;#;#;#;+;#;#;#; ;^;^;^; ;^; ; ;_ ; ;^;^;^
^;^;#;_w.;_;#; ; ; ;^;#; ; ; ;: ; ; ; ;#;_;_;_;_;_;#; ;^;^; ; ;^;^; ; ;> ; ;^;^
^;^;#;#;#;#; ; ;^;^;#; ;e ; ;: ; ; ; ;#;_;_;_i.;_;_;#; ; ;^; ;e ; ; ;^; ; ; ;^;^
^;^;^;^;^;^;^;^;^;^;#;#;#; ;#;^; ; ;#;#;#;#;#;#;#; ;^; ;^; ; ; ;^;^; ; ;^;^
^;^;^;^;^;^;^;^;^;^;^;^;^;^;^;^;^; ; ; ; ; ; ; ; ;^;^;^;^;^; ; ; ;^;^;^;^;^
h 4 2 2 1 7 f
$ 200 250
h 4 2 2 1 7 f
-|ARROW||t|t|12;"ARROWS
a 4 2 3 1 7 t
r 4 1 1 1 7 f
*|BREAD||t|t|2;"BREADS
~|TORCH||t|t|5;"TORCHES
*|BREAD||t|t|2;"BREADS
$ 20 20
h 4 2 2 1 7 f
