17 40
5 10
^;^;^;^;^;^;^;^; ; ; ; ;^;^;^;^;^;^;^;^;^;^;^;^;^;^;^;^;^;^;^;^;^;^;^;^;^;^
^;^;^;^;^;^; ; ; ; ; ; ; ; ; ; ;^;^;^;^;^;^;^;^;^;^;^;^;^; ; ; ;^;^;^;^;^;^
^;^;^;^; ; ; ;#;#;#;#;#; ;#;#;#;:;#;#;#;#;#;#;:;^; ;^;^; ; ;e ; ; ;^;^;^;^;^
^;^; ; ; ; ; ;#;_i.;_;_w.;#; ;#;_;_;_;_;_;+;_;_;_;#; ;^; ; ; ; ;^; ; ;^;^;^;^;^
^;^; ; ; ; ; ;#;_;_;_w.;#; ;#;_;_;_w.;_;_;#;_;_;_;#;^;^; ; ; ; ;^; ;^;^;^;^;^;^
^; ; ; ; ; ; ;#;#;e,;_#;#; ;#;_;_;_;_;_;#;#;,;#;#;e ;^; ;^; ; ;^;^; ;^;^;^;^;^
 ; ; ; ; ; ; ; ; ; ;_ ; ; ;#;#;#;+;#;#;#; ; ; ; ; ; ;^; ;^;^;^; ;^; ;^; ;^;^
^; ; ; ; ; ; ; ; ; ; ;_ ; ; ; ; ; ; ; ; ; ; ; ; ; ; ; ; ; ; ; ; ; ;^; ; ;^;^
^; ; ; ; ; ; ; ; ; ; ; ;_ ;_ ;_ ;_ ;_ ;_ ;_ ;_ ;_ ;_ ;_ ;_ ;_ ;_ ;_ ;_ ;_ ;_ ;_ ;_ ; ; ;^; ; ; 
^;^; ; ; ; ; ; ; ; ; ; ; ; ; ; ; ; ; ; ; ; ; ; ; ; ; ; ; ; ; ; ;_ ; ; ;^; ;e 
^;^;#;#;+;#; ; ; ; ;#;#; ;:; ; ; ; ;#;#;#;+;#;#;#; ;^;^;^; ;^; ; ;_ ; ;^;^;^
^;^;#;_w.;_;#; ; ; ;^;#; ; ; ;:; ; ; ;#;_;_;_;_;_;#; ;^;^; ; ;^;^; ; ;> ; ;^;^
^;^;#;#;#;#; ; ;^;^;#; ;e ; ;:; ; ; ;#;_;_;_i.;_;_;#; ; ;^; ;e ; ; ;^; ; ; ;^;^
^;^;^;^;^;^;^;^;^;^;#;#;#;#;#;^; ; ;#;#;#;#;#;#;#; ;^; ;^; ; ; ;^;^; ; ;^;^
^;^;^;^;^;^;^;^;^;^;^;^;^;^;^;^;^; ; ; ; ; ; ; ; ;^;^;^;^;^; ; ; ;^;^;^;^;^
t 4 1 2 1 7 t
$ 200 250
s 4 2 2 1 7 ;
-|ARROW||t|t|12;"ARROWS
B 48 2 64 1 7 t
t 4 1 2 1 7 t
t 4 1 2 1 7 t
*|BREAD||t|t|2;"BREADS
~|TORCH||t|t|2;"TORCHES
*|BREAD||t|t|1;"BREADS
$ 20 20
s 4 2 2 1 7 ;
